../Core/Src/audioEngine.c:38:16:audioEngineClamp	24	static
../Core/Src/audioEngine.c:51:16:audioEngineInterpolateLinear	48	static
../Core/Src/audioEngine.c:72:17:audioEnginePhaseIncrement	32	static
../Core/Src/audioEngine.c:87:13:audioEngineAdvancePhase	32	static
../Core/Src/audioEngine.c:103:16:audioEngineMixLayer	32	static
../Core/Src/audioEngine.c:116:13:audioEngineTriggerKnock	16	static
../Core/Src/audioEngine.c:126:16:audioEngineRenderFrame	88	static
../Core/Src/audioEngine.c:206:13:audioEngineRenderBuffer	24	static
../Core/Src/audioEngine.c:222:6:audioEngineInit	16	static
../Core/Src/audioEngine.c:255:6:audioEngineStart	8	static
../Core/Src/audioEngine.c:272:6:audioEngineControlTick	48	static
../Core/Src/audioEngine.c:306:6:audioEngineHandleHalfTransfer	16	static
../Core/Src/audioEngine.c:322:6:audioEngineHandleFullTransfer	16	static
../Core/Src/audioEngine.c:333:6:HAL_I2S_TxHalfCpltCallback	16	static
../Core/Src/audioEngine.c:338:6:HAL_I2S_TxCpltCallback	16	static
